// Jest Snapshot v1, https://goo.gl/fbAQLP

exports[`Input component Renders with defaults 1`] = `
<input
  class="input"
  data-testid="input"
  type="text"
/>
`;
